// Jest Snapshot v1, https://goo.gl/fbAQLP

exports[`<AddItem /> can render the screen 1`] = `
Array [
  <View
    style={
      Object {
        "alignItems": "center",
        "backgroundColor": "#f24e49",
        "borderBottomColor": "#f2f2f2",
        "borderBottomWidth": 0.5,
        "flexDirection": "row",
        "justifyContent": "space-between",
        "paddingHorizontal": 10,
        "paddingVertical": 10,
      }
    }
    testID="headerContainer"
  >
    <RNCSafeAreaView
      edges={
        Array [
          "left",
          "top",
          "right",
        ]
      }
      style={
        Object {
          "flexDirection": "row",
          "width": "100%",
        }
      }
    >
      <View
        style={
          Object {
            "alignItems": "flex-start",
            "flex": 1,
          }
        }
      >
        <View
          style={
            Object {
              "marginLeft": 10,
            }
          }
        >
          <View
            accessible={true}
            focusable={true}
            onClick={[Function]}
            onResponderGrant={[Function]}
            onResponderMove={[Function]}
            onResponderRelease={[Function]}
            onResponderTerminate={[Function]}
            onResponderTerminationRequest={[Function]}
            onStartShouldSetResponder={[Function]}
            style={
              Object {
                "alignItems": "center",
                "flexDirection": "row",
                "opacity": 1,
              }
            }
          >
            <View
              style={
                Object {
                  "overflow": "hidden",
                }
              }
            >
              <View>
                <View
                  style={
                    Object {
                      "alignItems": "center",
                      "backgroundColor": "transparent",
                      "justifyContent": "center",
                    }
                  }
                >
                  <Text />
                </View>
              </View>
            </View>
            <Text
              style={
                Object {
                  "color": "#fff",
                  "fontSize": 16,
                }
              }
            >
              Go Back
            </Text>
          </View>
        </View>
      </View>
      <View
        style={
          Object {
            "alignItems": "center",
            "flex": 3,
          }
        }
      >
        <Text
          numberOfLines={1}
          style={
            Object {
              "color": "#fff",
              "fontSize": 22,
              "fontWeight": "bold",
            }
          }
          text="Add Item"
        >
          Add Item
        </Text>
      </View>
      <View
        style={
          Object {
            "alignItems": "flex-end",
            "flex": 1,
          }
        }
      />
    </RNCSafeAreaView>
  </View>,
  <View
    style={
      Object {
        "margin": 10,
      }
    }
  >
    <View
      style={
        Object {
          "paddingHorizontal": 10,
          "width": "100%",
        }
      }
    >
      <View
        style={
          Object {
            "alignItems": "center",
            "borderBottomWidth": 1,
            "borderColor": "#86939e",
            "flexDirection": "row",
            "transform": Array [
              Object {
                "translateX": 0,
              },
            ],
          }
        }
      >
        <View
          style={
            Object {
              "alignItems": "center",
              "height": 40,
              "justifyContent": "center",
              "marginVertical": 4,
              "paddingRight": 4,
            }
          }
        >
          <View
            style={
              Object {
                "overflow": "hidden",
              }
            }
          >
            <View>
              <View
                style={
                  Object {
                    "alignItems": "center",
                    "backgroundColor": "transparent",
                    "justifyContent": "center",
                  }
                }
              >
                <Text />
              </View>
            </View>
          </View>
        </View>
        <TextInput
          allowFontScaling={true}
          editable={true}
          onChangeText={[Function]}
          placeholder="Image URL"
          placeholderTextColor="#86939e"
          rejectResponderTermination={true}
          style={
            Object {
              "color": "#242424",
              "flex": 1,
              "fontSize": 18,
              "minHeight": 40,
            }
          }
          testID="RNE__Input__text-input"
          underlineColorAndroid="transparent"
        />
      </View>
      <Text
        style={
          Object {
            "color": "#ff190c",
            "fontSize": 12,
            "margin": 5,
          }
        }
      />
    </View>
    <View
      style={
        Object {
          "paddingHorizontal": 10,
          "width": "100%",
        }
      }
    >
      <View
        style={
          Object {
            "alignItems": "center",
            "borderBottomWidth": 1,
            "borderColor": "#86939e",
            "flexDirection": "row",
            "transform": Array [
              Object {
                "translateX": 0,
              },
            ],
          }
        }
      >
        <View
          style={
            Object {
              "alignItems": "center",
              "height": 40,
              "justifyContent": "center",
              "marginVertical": 4,
              "paddingRight": 4,
            }
          }
        >
          <View
            style={
              Object {
                "overflow": "hidden",
              }
            }
          >
            <View>
              <View
                style={
                  Object {
                    "alignItems": "center",
                    "backgroundColor": "transparent",
                    "justifyContent": "center",
                  }
                }
              >
                <Text />
              </View>
            </View>
          </View>
        </View>
        <TextInput
          allowFontScaling={true}
          editable={true}
          onChangeText={[Function]}
          placeholder="Title of Item"
          placeholderTextColor="#86939e"
          rejectResponderTermination={true}
          style={
            Object {
              "color": "#242424",
              "flex": 1,
              "fontSize": 18,
              "minHeight": 40,
            }
          }
          testID="RNE__Input__text-input"
          underlineColorAndroid="transparent"
        />
      </View>
      <Text
        style={
          Object {
            "color": "#ff190c",
            "fontSize": 12,
            "margin": 5,
          }
        }
      />
    </View>
    <View
      style={
        Object {
          "paddingHorizontal": 10,
          "width": "100%",
        }
      }
    >
      <View
        style={
          Object {
            "alignItems": "center",
            "borderBottomWidth": 1,
            "borderColor": "#86939e",
            "flexDirection": "row",
            "transform": Array [
              Object {
                "translateX": 0,
              },
            ],
          }
        }
      >
        <View
          style={
            Object {
              "alignItems": "center",
              "height": 40,
              "justifyContent": "center",
              "marginVertical": 4,
              "paddingRight": 4,
            }
          }
        >
          <View
            style={
              Object {
                "overflow": "hidden",
              }
            }
          >
            <View>
              <View
                style={
                  Object {
                    "alignItems": "center",
                    "backgroundColor": "transparent",
                    "justifyContent": "center",
                  }
                }
              >
                <Text />
              </View>
            </View>
          </View>
        </View>
        <TextInput
          allowFontScaling={true}
          editable={true}
          onChangeText={[Function]}
          placeholder="Description of Item"
          placeholderTextColor="#86939e"
          rejectResponderTermination={true}
          style={
            Object {
              "color": "#242424",
              "flex": 1,
              "fontSize": 18,
              "minHeight": 40,
            }
          }
          testID="RNE__Input__text-input"
          underlineColorAndroid="transparent"
        />
      </View>
      <Text
        style={
          Object {
            "color": "#ff190c",
            "fontSize": 12,
            "margin": 5,
          }
        }
      />
    </View>
    <View
      style={
        Object {
          "paddingHorizontal": 10,
          "width": "100%",
        }
      }
    >
      <View
        style={
          Object {
            "alignItems": "center",
            "borderBottomWidth": 1,
            "borderColor": "#86939e",
            "flexDirection": "row",
            "transform": Array [
              Object {
                "translateX": 0,
              },
            ],
          }
        }
      >
        <View
          style={
            Object {
              "alignItems": "center",
              "height": 40,
              "justifyContent": "center",
              "marginVertical": 4,
              "paddingRight": 4,
            }
          }
        >
          <View
            style={
              Object {
                "overflow": "hidden",
              }
            }
          >
            <View>
              <View
                style={
                  Object {
                    "alignItems": "center",
                    "backgroundColor": "transparent",
                    "justifyContent": "center",
                  }
                }
              >
                <Text />
              </View>
            </View>
          </View>
        </View>
        <TextInput
          allowFontScaling={true}
          editable={true}
          onChangeText={[Function]}
          placeholder="Price of Item"
          placeholderTextColor="#86939e"
          rejectResponderTermination={true}
          style={
            Object {
              "color": "#242424",
              "flex": 1,
              "fontSize": 18,
              "minHeight": 40,
            }
          }
          testID="RNE__Input__text-input"
          underlineColorAndroid="transparent"
        />
      </View>
      <Text
        style={
          Object {
            "color": "#ff190c",
            "fontSize": 12,
            "margin": 5,
          }
        }
      />
    </View>
    <View
      style={
        Array [
          Object {
            "borderRadius": 3,
            "overflow": "hidden",
          },
          Object {
            "borderRadius": 3,
          },
          undefined,
          false,
        ]
      }
    >
      <View
        accessibilityRole="button"
        accessibilityState={
          Object {
            "busy": false,
            "disabled": false,
          }
        }
        accessible={true}
        focusable={true}
        onClick={[Function]}
        onResponderGrant={[Function]}
        onResponderMove={[Function]}
        onResponderRelease={[Function]}
        onResponderTerminate={[Function]}
        onResponderTerminationRequest={[Function]}
        onStartShouldSetResponder={[Function]}
        style={
          Object {
            "opacity": 1,
          }
        }
        testID="Submission"
      >
        <View
          style={
            Object {
              "alignItems": "center",
              "backgroundColor": "#5bd1d7",
              "borderColor": "#2089dc",
              "borderRadius": 3,
              "borderWidth": 0,
              "flexDirection": "row",
              "justifyContent": "center",
              "padding": 8,
            }
          }
        >
          <Text
            style={
              Object {
                "color": "white",
                "fontSize": 18,
                "paddingVertical": 1,
                "textAlign": "center",
              }
            }
          >
            Submit
          </Text>
        </View>
      </View>
    </View>
  </View>,
]
`;
